n_threads 8
iterations 10 x 100
6 2 4 5 3 7 6 2 4 1 3 7 6 2 4 1 3 7 5 6 2 4 1 3 7 5 6 2 4 3 7 5 6 2 4 3 7 5 6 2 4 1 3 7 5 6 2 4 1 3 7 5 6 2 4 1 3 7 5 6 2 4 1 3 7 5 6 2 4 1 3 7 5 6 2 4 1 3 7 5 6 2 4 1 3 7 5 6 2 4 1 3 7 5 6 2 4 1 0 0 
6 0 7 1 2 5 4 3 6 0 7 1 2 5 4 3 6 0 7 1 2 5 4 3 6 0 7 1 2 5 4 3 6 0 7 1 2 5 4 3 6 0 7 1 2 5 4 3 6 0 7 1 2 5 4 3 6 0 7 1 2 5 4 3 6 0 7 1 2 5 4 3 6 0 7 1 2 5 4 3 6 0 7 1 2 5 4 3 6 0 7 1 2 5 4 3 6 0 7 0 
1 4 7 6 0 2 3 5 1 4 7 6 0 2 3 5 1 4 7 6 0 2 3 5 1 4 7 6 0 2 3 5 1 4 7 6 0 2 3 5 1 4 7 6 0 2 3 5 1 4 7 6 0 2 3 5 1 4 7 6 0 2 3 5 1 4 7 6 0 2 3 5 1 7 6 0 2 3 5 1 7 6 0 2 3 5 1 7 6 0 2 3 5 4 1 7 6 0 2 0 
6 5 3 0 4 7 1 2 6 5 3 0 4 7 1 2 6 5 3 0 4 7 1 2 6 5 3 0 4 7 1 2 6 5 3 0 4 7 1 2 6 5 3 0 4 7 1 2 6 5 3 0 4 7 1 2 6 5 3 0 4 7 1 2 6 5 3 0 4 7 1 2 6 5 3 0 4 7 1 2 6 5 3 0 4 7 1 2 6 5 3 0 4 7 1 2 6 5 3 0 
1 0 2 6 3 5 4 7 1 0 2 6 3 5 4 7 1 0 2 6 3 5 4 7 1 0 2 6 3 5 4 7 1 0 2 6 3 5 4 7 1 0 2 6 3 5 4 7 1 0 2 6 3 5 4 7 1 0 2 6 3 5 4 7 1 0 2 6 3 5 7 4 1 0 2 6 3 5 7 4 1 0 2 6 3 5 7 4 1 0 2 6 3 5 7 4 1 0 2 0 
0 5 3 7 4 2 1 6 0 5 3 7 4 2 1 6 0 5 3 7 4 2 1 6 0 5 3 7 4 2 1 6 0 5 3 7 4 2 1 6 0 5 3 7 4 2 1 6 0 5 3 7 4 2 1 6 0 5 3 7 4 2 1 6 0 5 3 7 4 2 1 6 0 5 3 7 4 2 1 6 0 5 3 7 4 2 1 6 0 5 3 7 4 2 1 6 0 5 3 0 
1 0 5 6 3 4 2 7 1 0 5 6 3 4 2 1 0 5 3 4 2 1 6 5 4 2 1 6 5 4 2 1 6 0 5 4 2 1 6 0 4 2 1 6 0 4 2 5 1 6 0 4 2 5 6 0 4 2 5 6 7 0 4 2 5 6 7 0 4 2 5 6 7 0 4 2 5 6 7 0 4 2 5 6 7 0 4 2 5 6 7 0 4 2 1 5 3 6 7 0 
6 0 3 5 1 7 4 2 6 0 3 5 1 7 4 2 6 0 3 5 1 7 4 2 6 0 3 5 1 7 4 2 6 0 3 5 1 7 4 2 6 0 3 5 1 7 4 2 6 0 3 5 1 7 4 2 6 0 3 5 1 7 4 2 6 0 3 5 7 4 2 6 0 3 5 7 4 2 6 0 3 5 7 4 2 6 0 3 5 7 4 2 6 0 3 5 1 7 4 0 
0 6 5 3 1 7 4 2 0 6 5 3 1 7 4 2 0 6 5 3 1 7 4 2 0 6 5 3 1 7 4 2 0 6 5 3 1 7 4 2 0 6 5 3 1 7 4 2 0 6 5 3 1 7 4 2 0 6 5 3 1 7 4 2 0 6 5 3 1 7 4 2 0 6 5 3 1 7 4 2 0 6 5 3 1 7 4 2 0 6 5 3 1 7 4 2 0 6 5 0 
0 5 4 6 3 7 1 2 0 5 4 6 3 7 1 0 5 4 6 2 3 7 1 0 5 4 6 2 3 7 1 0 5 4 6 2 3 7 1 0 5 4 6 2 3 7 1 0 5 4 6 2 3 7 1 0 5 4 6 2 3 7 1 0 5 4 6 2 3 7 1 0 5 4 6 2 3 7 1 0 5 4 6 2 3 7 1 0 5 4 6 2 3 7 1 0 5 4 6 0 
